[04000D0B][04000D08]
DDR Calibration DQS reg = 00008889


U-Boot 1.1.3 (Oct 22 2018 - 11:01:41)

Board: Ralink APSoC DRAM:  64 MB
relocate_code Pointer at: 83fb4000
gpiomode1 55154404.
gpiomode2 05550555.
######GPIO CTRL 0 for GPIO 0~31 OUTPUT tmp(0x00000030)#####
######GPIO CTRL 1 for GPIO 32~64 OUTPUT tmp(0x00000f80)#####
######GPIO CTRL 1 for GPIO 32~64 INPUT tmp(0x00000f80)#####
flash manufacture id: ef, device id 40 17
find flash: W25Q64BV
============================================ 
Ralink UBoot Version: 4.3.0.0
-------------------------------------------- 
ASIC 7628_MP (Port5<->None)
DRAM component: 512 Mbits DDR, width 16
DRAM bus: 16 bit
Total memory: 64 MBytes
Flash component: SPI Flash
Date:Oct 22 2018  Time:11:01:41
============================================ 
icache: sets:512, ways:4, linesz:32 ,total:65536
dcache: sets:256, ways:4, linesz:32 ,total:32768 

 ##### The CPU freq = 580 MHZ #### 
 estimate memory size =64 Mbytes
RESET MT7628 PHY!!!!!!
continue to starting system.
 0 
disable switch phyport...
   
3: System Boot system code via Flash.(0xbc020000)
do_bootm:argc=2, addr=0xbc020000
## Booting image at bc020000 ...
   Uncompressing Kernel Image ... OK
No initrd
## Transferring control to Linux (at address 80000000) ...
## Giving linux memsize in MB, 64

Starting kernel ...

[    0.000000] Linux version 4.14.105 (nsvee@halyard) (gcc version 7.4.0 (OpenWrt GCC 7.4.0 r9584-5107176861)) #0 Fri Mar 15 21:04:11 2019
[    0.000000] Board has DDR2
[    0.000000] Analog PMU set to hw control
[    0.000000] Digital PMU set to hw control
[    0.000000] SoC Type: MediaTek MT7628AN ver:1 eco:2
[    0.000000] bootconsole [early0] enabled
[    0.000000] CPU0 revision is: 00019655 (MIPS 24KEc)
[    0.000000] MIPS: machine is TP-Link Archer MR200 V4
[    0.000000] Determined physical RAM map:
[    0.000000]  memory: 04000000 @ 00000000 (usable)
[    0.000000] Initrd not found or empty - disabling initrd
[    0.000000] Primary instruction cache 64kB, VIPT, 4-way, linesize 32 bytes.
[    0.000000] Primary data cache 32kB, 4-way, PIPT, no aliases, linesize 32 bytes
[    0.000000] Zone ranges:
[    0.000000]   Normal   [mem 0x0000000000000000-0x0000000003ffffff]
[    0.000000] Movable zone start for each node
[    0.000000] Early memory node ranges
[    0.000000]   node   0: [mem 0x0000000000000000-0x0000000003ffffff]
[    0.000000] Initmem setup node 0 [mem 0x0000000000000000-0x0000000003ffffff]
[    0.000000] random: get_random_bytes called from start_kernel+0x8c/0x474 with crng_init=0
[    0.000000] Built 1 zonelists, mobility grouping on.  Total pages: 16256
[    0.000000] Kernel command line: console=ttyS0,115200 rootfstype=squashfs,jffs2
[    0.000000] PID hash table entries: 256 (order: -2, 1024 bytes)
[    0.000000] Dentry cache hash table entries: 8192 (order: 3, 32768 bytes)
[    0.000000] Inode-cache hash table entries: 4096 (order: 2, 16384 bytes)
[    0.000000] Writing ErrCtl register=00039563
[    0.000000] Readback ErrCtl register=00039563
[    0.000000] Memory: 59784K/65536K available (3647K kernel code, 172K rwdata, 844K rodata, 192K init, 200K bss, 5752K reserved, 0K cma-reserved)
[    0.000000] SLUB: HWalign=32, Order=0-3, MinObjects=0, CPUs=1, Nodes=1
[    0.000000] NR_IRQS: 256
[    0.000000] intc: using register map from devicetree
[    0.000000] CPU Clock: 580MHz
[    0.000000] timer_probe: no matching timers found
[    0.000000] clocksource: MIPS: mask: 0xffffffff max_cycles: 0xffffffff, max_idle_ns: 6590553264 ns
[    0.000010] sched_clock: 32 bits at 290MHz, resolution 3ns, wraps every 7405115902ns
[    0.007539] Calibrating delay loop... 385.84 BogoMIPS (lpj=1929216)
[    0.073494] pid_max: default: 32768 minimum: 301
[    0.078163] Mount-cache hash table entries: 1024 (order: 0, 4096 bytes)
[    0.084517] Mountpoint-cache hash table entries: 1024 (order: 0, 4096 bytes)
[    0.096556] clocksource: jiffies: mask: 0xffffffff max_cycles: 0xffffffff, max_idle_ns: 19112604462750000 ns
[    0.106050] futex hash table entries: 256 (order: -1, 3072 bytes)
[    0.111989] pinctrl core: initialized pinctrl subsystem
[    0.117522] NET: Registered protocol family 16
[    0.229468] mt7620-pci 10140000.pcie: Port 0 N_FTS = 1b105000
[    0.384754] PCI host bridge /pcie@10140000 ranges:
[    0.389333]  MEM 0x0000000020000000..0x000000002fffffff
[    0.394353]   IO 0x0000000010160000..0x000000001016ffff
[    0.415451] mt7621_gpio 10000600.gpio: registering 32 gpios
[    0.421089] mt7621_gpio 10000600.gpio: registering 32 gpios
[    0.426597] mt7621_gpio 10000600.gpio: registering 32 gpios
[    0.432758] PCI host bridge to bus 0000:00
[    0.436661] pci_bus 0000:00: root bus resource [mem 0x20000000-0x2fffffff]
[    0.443344] pci_bus 0000:00: root bus resource [io  0xffffffff]
[    0.449002] pci_bus 0000:00: root bus resource [??? 0x00000000 flags 0x0]
[    0.455567] pci_bus 0000:00: No busn resource found for root bus, will use [bus 00-ff]
[    0.463631] pci 0000:00:00.0: bridge configuration invalid ([bus 00-00]), reconfiguring
[    0.472421] pci 0000:00:00.0: BAR 0: no space for [mem size 0x80000000]
[    0.478751] pci 0000:00:00.0: BAR 0: failed to assign [mem size 0x80000000]
[    0.485523] pci 0000:00:00.0: BAR 8: assigned [mem 0x20000000-0x201fffff]
[    0.492024] pci 0000:00:00.0: BAR 1: assigned [mem 0x20200000-0x2020ffff]
[    0.498598] pci 0000:01:00.0: BAR 0: assigned [mem 0x20000000-0x200fffff]
[    0.505132] pci 0000:01:00.1: BAR 0: assigned [mem 0x20100000-0x201fffff]
[    0.511698] pci 0000:00:00.0: PCI bridge to [bus 01]
[    0.516470] pci 0000:00:00.0:   bridge window [mem 0x20000000-0x201fffff]
[    0.527316] clocksource: Switched to clocksource MIPS
[    0.533297] NET: Registered protocol family 2
[    0.538284] TCP established hash table entries: 1024 (order: 0, 4096 bytes)
[    0.544974] TCP bind hash table entries: 1024 (order: 0, 4096 bytes)
[    0.551163] TCP: Hash tables configured (established 1024 bind 1024)
[    0.557446] UDP hash table entries: 256 (order: 0, 4096 bytes)
[    0.563039] UDP-Lite hash table entries: 256 (order: 0, 4096 bytes)
[    0.569380] NET: Registered protocol family 1
[    0.576810] Crashlog allocated RAM at address 0x3f00000
[    0.583388] workingset: timestamp_bits=30 max_order=14 bucket_order=0
[    0.594889] squashfs: version 4.0 (2009/01/31) Phillip Lougher
[    0.600519] jffs2: version 2.2 (NAND) (SUMMARY) (LZMA) (RTIME) (CMODE_PRIORITY) (c) 2001-2006 Red Hat, Inc.
[    0.619384] io scheduler noop registered
[    0.623114] io scheduler deadline registered (default)
[    0.628998] Serial: 8250/16550 driver, 3 ports, IRQ sharing disabled
[    0.636179] console [ttyS0] disabled
[    0.639684] 10000c00.uartlite: ttyS0 at MMIO 0x10000c00 (irq = 28, base_baud = 2500000) is a 16550A
[    0.648410] console [ttyS0] enabled
[    0.648410] console [ttyS0] enabled
[    0.655398] bootconsole [early0] disabled
[    0.655398] bootconsole [early0] disabled
[    0.663988] cacheinfo: Failed to find cpu0 device node
[    0.669247] cacheinfo: Unable to detect cache hierarchy for CPU 0
[    0.676108] spi-mt7621 10000b00.spi: sys_freq: 193333333
[    0.694553] m25p80 spi0.0: s25fl064k (8192 Kbytes)
[    0.699505] 5 fixed-partitions partitions found on MTD device spi0.0
[    0.705942] Creating 5 MTD partitions on "spi0.0":
[    0.710837] 0x000000000000-0x000000020000 : "u-boot"
[    0.716738] 0x000000020000-0x0000007d0000 : "firmware"
[    0.724913] 2 tplink-fw partitions found on MTD device firmware
[    0.730991] Creating 2 MTD partitions on "firmware":
[    0.736036] 0x000000000000-0x00000017f09e : "kernel"
[    0.741978] 0x00000017f0a0-0x0000007b0000 : "rootfs"
[    0.747828] mtd: device 3 (rootfs) set to be root filesystem
[    0.754999] 1 squashfs-split partitions found on MTD device rootfs
[    0.761356] 0x000000590000-0x0000007b0000 : "rootfs_data"
[    0.767815] 0x0000007d0000-0x0000007e0000 : "rom"
[    0.773375] 0x0000007e0000-0x0000007f0000 : "romfile"
[    0.779398] 0x0000007f0000-0x000000800000 : "radio"
[    0.785789] libphy: Fixed MDIO Bus: probed
[    0.802335] rt3050-esw 10110000.esw: link changed 0x00
[    0.809106] mtk_soc_eth 10100000.ethernet eth0: mediatek frame engine at 0xb0100000, irq 5
[    0.819159] NET: Registered protocol family 10
[    0.827379] Segment Routing with IPv6
[    0.831209] NET: Registered protocol family 17
[    0.835768] 8021q: 802.1Q VLAN Support v1.8
[    0.850821] VFS: Mounted root (squashfs filesystem) readonly on device 31:3.
[    0.859088] Freeing unused kernel memory: 192K
[    0.863590] This architecture does not have kernel memory protection.
[    2.012791] init: Console is alive
[    2.016488] init: - watchdog -
[    2.317345] random: fast init done
[    4.281780] kmodloader: loading kernel modules from /etc/modules-boot.d/*
[    4.548208] usbcore: registered new interface driver usbfs
[    4.553845] usbcore: registered new interface driver hub
[    4.559412] usbcore: registered new device driver usb
[    4.615315] ehci_hcd: USB 2.0 'Enhanced' Host Controller (EHCI) Driver
[    4.631184] SCSI subsystem initialized
[    4.640391] ehci-platform: EHCI generic platform driver
[    4.656015] phy phy-10120000.usbphy.0: remote usb device wakeup disabled
[    4.662829] phy phy-10120000.usbphy.0: UTMI 16bit 30MHz
[    4.668157] ehci-platform 101c0000.ehci: EHCI Host Controller
[    4.674023] ehci-platform 101c0000.ehci: new USB bus registered, assigned bus number 1
[    4.682186] ehci-platform 101c0000.ehci: irq 26, io mem 0x101c0000
[    4.717335] ehci-platform 101c0000.ehci: USB 2.0 started, EHCI 1.00
[    4.724638] hub 1-0:1.0: USB hub found
[    4.728887] hub 1-0:1.0: 1 port detected
[    4.940169] usbcore: registered new interface driver usb-storage
[    4.947012] kmodloader: done loading kernel modules from /etc/modules-boot.d/*
[    4.957015] init: - preinit -
[    6.306102] rt3050-esw 10110000.esw: link changed 0x00
Press the [f] key and hit [enter] to enter failsafe mode
Press the [1], [2], [3] or [4] key and hit [enter] to select the debug level
[    6.487245] random: procd: uninitialized urandom read (4 bytes read)
[    6.677340] usb 1-1: new high-speed USB device number 2 using ehci-platform
[    6.896704] usb-storage 1-1:1.5: USB Mass Storage device detected
[    6.903827] scsi host0: usb-storage 1-1:1.5
[    7.959897] scsi 0:0:0:0: Direct-Access     Linux    File-Stor Gadget 0318 PQ: 0 ANSI: 2
[    7.974440] sd 0:0:0:0: [sda] 130048 512-byte logical blocks: (66.6 MB/63.5 MiB)
[    7.982800] sd 0:0:0:0: [sda] Write Protect is off
[    7.988552] sd 0:0:0:0: [sda] Write cache: enabled, read cache: enabled, doesn't support DPO or FUA
[    8.013080]  sda:
[    8.023804] sd 0:0:0:0: [sda] Attached SCSI removable disk
[    9.724600] jffs2: notice: (421) jffs2_build_xattr_subsystem: complete building xattr subsystem, 1 of xdatum (0 unchecked, 1 orphan) and 1 of xref (1 dead, 0 orphan) found.
[    9.742242] mount_root: switching to jffs2 overlay
[    9.779352] overlayfs: upper fs does not support tmpfile.
[    9.791055] urandom-seed: Seeding with /etc/urandom.seed
[    9.875842] rt3050-esw 10110000.esw: link changed 0x04
[    9.909052] procd: - early -
[    9.912095] procd: - watchdog -
[   10.523052] procd: - watchdog -
[   10.526560] procd: - ubus -
[   10.599008] random: ubusd: uninitialized urandom read (4 bytes read)
[   10.773869] random: ubusd: uninitialized urandom read (4 bytes read)
[   10.780919] random: ubusd: uninitialized urandom read (4 bytes read)
[   10.788333] procd: - init -
Please press Enter to activate this console.
[   11.141092] kmodloader: loading kernel modules from /etc/modules.d/*
[   11.155674] ip6_tables: (C) 2000-2006 Netfilter Core Team
[   11.171861] usbcore: registered new interface driver cdc_wdm
[   11.179905] Loading modules backported from Linux version v4.19.23-0-g67d52fae61c1
[   11.187659] Backport generated by backports.git v4.19.23-1-0-g480a925a
[   11.197620] ip_tables: (C) 2000-2006 Netfilter Core Team
[   11.213074] nf_conntrack version 0.5.0 (1024 buckets, 4096 max)
[   11.279550] usbcore: registered new interface driver usbserial
[   11.285562] usbcore: registered new interface driver usbserial_generic
[   11.292348] usbserial: USB Serial support registered for generic
[   11.319247] xt_time: kernel timezone is -0000
[   11.387933] mt76_wmac 10300000.wmac: ASIC revision: 76280001
[   12.409366] mt76_wmac 10300000.wmac: Firmware Version: 20151201
[   12.415386] mt76_wmac 10300000.wmac: Build Time: 20151201183641
[   12.437322] mt76_wmac 10300000.wmac: firmware init done
[   12.644251] PPP generic driver version 2.4.2
[   12.656128] NET: Registered protocol family 24
[   12.726175] qmi_wwan 1-1:1.4: cdc-wdm0: USB WDM device
[   12.738618] qmi_wwan 1-1:1.4 wwan0: register 'qmi_wwan' at usb-101c0000.ehci-1, WWAN/QMI device, 56:cc:a8:b3:d3:2e
[   12.749534] usbcore: registered new interface driver qmi_wwan
[   12.788462] mt76x0e 0000:01:00.0: card - bus=0x1, slot = 0x0 irq=4
[   12.794904] mt76x0e 0000:01:00.0: ASIC revision: 76100002
[   12.977943] mt76x0e 0000:01:00.0: Firmware Version: 0.1.00
[   13.229437] mt76x0e 0000:01:00.0: EEPROM ver:02 fae:00
[   13.259231] usbcore: registered new interface driver option
[   13.264966] usbserial: USB Serial support registered for GSM modem (1-port)
[   13.290912] kmodloader: done loading kernel modules from /etc/modules.d/*
[   14.050623] urandom_read: 5 callbacks suppressed
[   14.050633] random: jshn: uninitialized urandom read (4 bytes read)
[   17.964494] rt3050-esw 10110000.esw: link changed 0x00
[   21.547572] rt3050-esw 10110000.esw: link changed 0x04
[   24.287024] br-lan: port 1(eth0.1) entered blocking state
[   24.292586] br-lan: port 1(eth0.1) entered disabled state
[   24.298438] device eth0.1 entered promiscuous mode
[   24.303303] device eth0 entered promiscuous mode
[   24.346500] br-lan: port 1(eth0.1) entered blocking state
[   24.352055] br-lan: port 1(eth0.1) entered forwarding state
[   24.357936] IPv6: ADDRCONF(NETDEV_UP): br-lan: link is not ready
[   25.238016] IPv6: ADDRCONF(NETDEV_CHANGE): br-lan: link becomes ready
